[34mProcessing file: "tests/suites/Localizable_with_valid_params.in"
[0m
[32m[1m
Result: âœ“ Strings file validated succesfully[0m[0m
